============================= test session starts =============================
platform win32 -- Python 3.14.0, pytest-9.1.1, pluggy-1.6.0 -- C:\Users\Lokeswara Reddy.M\Desktop\fastapi-auth-rbac\.venv\Scripts\python.exe
cachedir: .pytest_cache
rootdir: C:\Users\Lokeswara Reddy.M\Desktop\fastapi-auth-rbac
configfile: pytest.ini
testpaths: tests
plugins: anyio-4.13.0, cov-7.1.0
collecting ... collected 1 item

tests/test_auth.py::test_register 2026-06-19 17:27:03,842 INFO sqlalchemy.engine.Engine select pg_catalog.version()
2026-06-19 17:27:03,843 INFO sqlalchemy.engine.Engine [raw sql] {}
2026-06-19 17:27:03,844 INFO sqlalchemy.engine.Engine select current_schema()
2026-06-19 17:27:03,844 INFO sqlalchemy.engine.Engine [raw sql] {}
2026-06-19 17:27:03,844 INFO sqlalchemy.engine.Engine show standard_conforming_strings
2026-06-19 17:27:03,844 INFO sqlalchemy.engine.Engine [raw sql] {}
2026-06-19 17:27:03,845 INFO sqlalchemy.engine.Engine BEGIN (implicit)
2026-06-19 17:27:03,848 INFO sqlalchemy.engine.Engine SELECT users.id AS users_id, users.username AS users_username, users.email AS users_email, users.phone_number AS users_phone_number, users.hashed_password AS users_hashed_password, users.role AS users_role, users.is_active AS users_is_active, users.created_at AS users_created_at 
FROM users 
WHERE users.username ILIKE %(username_1)s 
 LIMIT %(param_1)s
2026-06-19 17:27:03,848 INFO sqlalchemy.engine.Engine [generated in 0.00039s] {'username_1': 'pytestuser', 'param_1': 1}
2026-06-19 17:27:03,851 INFO sqlalchemy.engine.Engine ROLLBACK
FAILED

================================== FAILURES ===================================
________________________________ test_register ________________________________

self = <sqlalchemy.engine.base.Connection object at 0x0000022B58BC2660>
dialect = <sqlalchemy.dialects.postgresql.psycopg2.PGDialect_psycopg2 object at 0x0000022B585663C0>
context = <sqlalchemy.dialects.postgresql.psycopg2.PGExecutionContext_psycopg2 object at 0x0000022B58C722C0>
statement = <sqlalchemy.dialects.postgresql.base.PGCompiler object at 0x0000022B58BC27B0>
parameters = [{'username_1': 'pytestuser', 'param_1': 1}]

    def _exec_single_context(
        self,
        dialect: Dialect,
        context: ExecutionContext,
        statement: Union[str, Compiled],
        parameters: Optional[_AnyMultiExecuteParams],
    ) -> CursorResult[Any]:
        """continue the _execute_context() method for a single DBAPI
        cursor.execute() or cursor.executemany() call.
    
        """
        if dialect.bind_typing is BindTyping.SETINPUTSIZES:
            generic_setinputsizes = context._prepare_set_input_sizes()
    
            if generic_setinputsizes:
                try:
                    dialect.do_set_input_sizes(
                        context.cursor, generic_setinputsizes, context
                    )
                except BaseException as e:
                    self._handle_dbapi_exception(
                        e, str(statement), parameters, None, context
                    )
    
        cursor, str_statement, parameters = (
            context.cursor,
            context.statement,
            context.parameters,
        )
    
        effective_parameters: Optional[_AnyExecuteParams]
    
        if not context.executemany:
            effective_parameters = parameters[0]
        else:
            effective_parameters = parameters
    
        if self._has_events or self.engine._has_events:
            for fn in self.dispatch.before_cursor_execute:
                str_statement, effective_parameters = fn(
                    self,
                    cursor,
                    str_statement,
                    effective_parameters,
                    context,
                    context.executemany,
                )
    
        if self._echo:
            self._log_info(str_statement)
    
            stats = context._get_cache_stats()
    
            if not self.engine.hide_parameters:
                self._log_info(
                    "[%s] %r",
                    stats,
                    sql_util._repr_params(
                        effective_parameters,
                        batches=10,
                        ismulti=context.executemany,
                    ),
                )
            else:
                self._log_info(
                    "[%s] [SQL parameters hidden due to hide_parameters=True]",
                    stats,
                )
    
        evt_handled: bool = False
        try:
            if context.execute_style is ExecuteStyle.EXECUTEMANY:
                effective_parameters = cast(
                    "_CoreMultiExecuteParams", effective_parameters
                )
                if self.dialect._has_events:
                    for fn in self.dialect.dispatch.do_executemany:
                        if fn(
                            cursor,
                            str_statement,
                            effective_parameters,
                            context,
                        ):
                            evt_handled = True
                            break
                if not evt_handled:
                    self.dialect.do_executemany(
                        cursor,
                        str_statement,
                        effective_parameters,
                        context,
                    )
            elif not effective_parameters and context.no_parameters:
                if self.dialect._has_events:
                    for fn in self.dialect.dispatch.do_execute_no_params:
                        if fn(cursor, str_statement, context):
                            evt_handled = True
                            break
                if not evt_handled:
                    self.dialect.do_execute_no_params(
                        cursor, str_statement, context
                    )
            else:
                effective_parameters = cast(
                    "_CoreSingleExecuteParams", effective_parameters
                )
                if self.dialect._has_events:
                    for fn in self.dialect.dispatch.do_execute:
                        if fn(
                            cursor,
                            str_statement,
                            effective_parameters,
                            context,
                        ):
                            evt_handled = True
                            break
                if not evt_handled:
>                   self.dialect.do_execute(
                        cursor, str_statement, effective_parameters, context
                    )

.venv\Lib\site-packages\sqlalchemy\engine\base.py:1969: 
_ _ _ _ _ _ _ _ _ _ _ _ _ _ _ _ _ _ _ _ _ _ _ _ _ _ _ _ _ _ _ _ _ _ _ _ _ _ _ _

self = <sqlalchemy.dialects.postgresql.psycopg2.PGDialect_psycopg2 object at 0x0000022B585663C0>
cursor = <cursor object at 0x0000022B58BCF060; closed: -1>
statement = 'SELECT users.id AS users_id, users.username AS users_username, users.email AS users_email, users.phone_number AS user...ve, users.created_at AS users_created_at \nFROM users \nWHERE users.username ILIKE %(username_1)s \n LIMIT %(param_1)s'
parameters = {'username_1': 'pytestuser', 'param_1': 1}
context = <sqlalchemy.dialects.postgresql.psycopg2.PGExecutionContext_psycopg2 object at 0x0000022B58C722C0>

    def do_execute(self, cursor, statement, parameters, context=None):
>       cursor.execute(statement, parameters)
E       psycopg2.errors.UndefinedColumn: column users.phone_number does not exist
E       LINE 1: ...me AS users_username, users.email AS users_email, users.phon...
E                                                                    ^

.venv\Lib\site-packages\sqlalchemy\engine\default.py:952: UndefinedColumn

The above exception was the direct cause of the following exception:

    def test_register():
>       response = client.post(
            "/auth/register",
            json={
                "username": "pytestuser",
                "email": "pytest@example.com",
                "password": "Admin@123",
                "confirm_password":"Admin@123"
            },
        )

tests\test_auth.py:5: 
_ _ _ _ _ _ _ _ _ _ _ _ _ _ _ _ _ _ _ _ _ _ _ _ _ _ _ _ _ _ _ _ _ _ _ _ _ _ _ _
.venv\Lib\site-packages\starlette\testclient.py:555: in post
    return super().post(
.venv\Lib\site-packages\httpx\_client.py:1144: in post
    return self.request(
.venv\Lib\site-packages\starlette\testclient.py:454: in request
    return super().request(
.venv\Lib\site-packages\httpx\_client.py:825: in request
    return self.send(request, auth=auth, follow_redirects=follow_redirects)
           ^^^^^^^^^^^^^^^^^^^^^^^^^^^^^^^^^^^^^^^^^^^^^^^^^^^^^^^^^^^^^^^^
.venv\Lib\site-packages\httpx\_client.py:914: in send
    response = self._send_handling_auth(
.venv\Lib\site-packages\httpx\_client.py:942: in _send_handling_auth
    response = self._send_handling_redirects(
.venv\Lib\site-packages\httpx\_client.py:979: in _send_handling_redirects
    response = self._send_single_request(request)
               ^^^^^^^^^^^^^^^^^^^^^^^^^^^^^^^^^^
.venv\Lib\site-packages\httpx\_client.py:1014: in _send_single_request
    response = transport.handle_request(request)
               ^^^^^^^^^^^^^^^^^^^^^^^^^^^^^^^^^
.venv\Lib\site-packages\starlette\testclient.py:356: in handle_request
    raise exc
.venv\Lib\site-packages\starlette\testclient.py:353: in handle_request
    portal.call(self.app, scope, receive, send)
.venv\Lib\site-packages\anyio\from_thread.py:334: in call
    return cast(T_Retval, self.start_task_soon(func, *args).result())
                          ^^^^^^^^^^^^^^^^^^^^^^^^^^^^^^^^^^^^^^^^^^
C:\Python314\Lib\concurrent\futures\_base.py:450: in result
    return self.__get_result()
           ^^^^^^^^^^^^^^^^^^^
C:\Python314\Lib\concurrent\futures\_base.py:395: in __get_result
    raise self._exception
.venv\Lib\site-packages\anyio\from_thread.py:259: in _call_func
    retval = await retval_or_awaitable
             ^^^^^^^^^^^^^^^^^^^^^^^^^
.venv\Lib\site-packages\fastapi\applications.py:1159: in __call__
    await super().__call__(scope, receive, send)
.venv\Lib\site-packages\starlette\applications.py:90: in __call__
    await self.middleware_stack(scope, receive, send)
.venv\Lib\site-packages\starlette\middleware\errors.py:186: in __call__
    raise exc
.venv\Lib\site-packages\starlette\middleware\errors.py:164: in __call__
    await self.app(scope, receive, _send)
.venv\Lib\site-packages\starlette\middleware\exceptions.py:63: in __call__
    await wrap_app_handling_exceptions(self.app, conn)(scope, receive, send)
.venv\Lib\site-packages\starlette\_exception_handler.py:53: in wrapped_app
    raise exc
.venv\Lib\site-packages\starlette\_exception_handler.py:42: in wrapped_app
    await app(scope, receive, sender)
.venv\Lib\site-packages\fastapi\middleware\asyncexitstack.py:18: in __call__
    await self.app(scope, receive, send)
.venv\Lib\site-packages\starlette\routing.py:660: in __call__
    await self.middleware_stack(scope, receive, send)
.venv\Lib\site-packages\starlette\routing.py:680: in app
    await route.handle(scope, receive, send)
.venv\Lib\site-packages\starlette\routing.py:276: in handle
    await self.app(scope, receive, send)
.venv\Lib\site-packages\fastapi\routing.py:134: in app
    await wrap_app_handling_exceptions(app, request)(scope, receive, send)
.venv\Lib\site-packages\starlette\_exception_handler.py:53: in wrapped_app
    raise exc
.venv\Lib\site-packages\starlette\_exception_handler.py:42: in wrapped_app
    await app(scope, receive, sender)
.venv\Lib\site-packages\fastapi\routing.py:120: in app
    response = await f(request)
               ^^^^^^^^^^^^^^^^
.venv\Lib\site-packages\fastapi\routing.py:674: in app
    raw_response = await run_endpoint_function(
.venv\Lib\site-packages\fastapi\routing.py:330: in run_endpoint_function
    return await run_in_threadpool(dependant.call, **values)
           ^^^^^^^^^^^^^^^^^^^^^^^^^^^^^^^^^^^^^^^^^^^^^^^^^
.venv\Lib\site-packages\starlette\concurrency.py:32: in run_in_threadpool
    return await anyio.to_thread.run_sync(func)
           ^^^^^^^^^^^^^^^^^^^^^^^^^^^^^^^^^^^^
.venv\Lib\site-packages\anyio\to_thread.py:63: in run_sync
    return await get_async_backend().run_sync_in_worker_thread(
.venv\Lib\site-packages\anyio\_backends\_asyncio.py:2518: in run_sync_in_worker_thread
    return await future
           ^^^^^^^^^^^^
.venv\Lib\site-packages\anyio\_backends\_asyncio.py:1002: in run
    result = context.run(func, *args)
             ^^^^^^^^^^^^^^^^^^^^^^^^
app\api\auth.py:15: in register
    created_user = create_user(db=db, user_data=user)
                   ^^^^^^^^^^^^^^^^^^^^^^^^^^^^^^^^^^
app\services\user_service.py:10: in create_user
    db.query(User).filter(User.username.ilike(user_data.username)).first()
.venv\Lib\site-packages\sqlalchemy\orm\query.py:2766: in first
    return self.limit(1)._iter().first()  # type: ignore
           ^^^^^^^^^^^^^^^^^^^^^
.venv\Lib\site-packages\sqlalchemy\orm\query.py:2864: in _iter
    result: Union[ScalarResult[_T], Result[_T]] = self.session.execute(
.venv\Lib\site-packages\sqlalchemy\orm\session.py:2372: in execute
    return self._execute_internal(
.venv\Lib\site-packages\sqlalchemy\orm\session.py:2270: in _execute_internal
    result: Result[Any] = compile_state_cls.orm_execute_statement(
.venv\Lib\site-packages\sqlalchemy\orm\context.py:306: in orm_execute_statement
    result = conn.execute(
.venv\Lib\site-packages\sqlalchemy\engine\base.py:1421: in execute
    return meth(
.venv\Lib\site-packages\sqlalchemy\sql\elements.py:526: in _execute_on_connection
    return connection._execute_clauseelement(
.venv\Lib\site-packages\sqlalchemy\engine\base.py:1643: in _execute_clauseelement
    ret = self._execute_context(
.venv\Lib\site-packages\sqlalchemy\engine\base.py:1848: in _execute_context
    return self._exec_single_context(
.venv\Lib\site-packages\sqlalchemy\engine\base.py:1988: in _exec_single_context
    self._handle_dbapi_exception(
.venv\Lib\site-packages\sqlalchemy\engine\base.py:2365: in _handle_dbapi_exception
    raise sqlalchemy_exception.with_traceback(exc_info[2]) from e
.venv\Lib\site-packages\sqlalchemy\engine\base.py:1969: in _exec_single_context
    self.dialect.do_execute(
_ _ _ _ _ _ _ _ _ _ _ _ _ _ _ _ _ _ _ _ _ _ _ _ _ _ _ _ _ _ _ _ _ _ _ _ _ _ _ _

self = <sqlalchemy.dialects.postgresql.psycopg2.PGDialect_psycopg2 object at 0x0000022B585663C0>
cursor = <cursor object at 0x0000022B58BCF060; closed: -1>
statement = 'SELECT users.id AS users_id, users.username AS users_username, users.email AS users_email, users.phone_number AS user...ve, users.created_at AS users_created_at \nFROM users \nWHERE users.username ILIKE %(username_1)s \n LIMIT %(param_1)s'
parameters = {'username_1': 'pytestuser', 'param_1': 1}
context = <sqlalchemy.dialects.postgresql.psycopg2.PGExecutionContext_psycopg2 object at 0x0000022B58C722C0>

    def do_execute(self, cursor, statement, parameters, context=None):
>       cursor.execute(statement, parameters)
E       sqlalchemy.exc.ProgrammingError: (psycopg2.errors.UndefinedColumn) column users.phone_number does not exist
E       LINE 1: ...me AS users_username, users.email AS users_email, users.phon...
E                                                                    ^
E       
E       [SQL: SELECT users.id AS users_id, users.username AS users_username, users.email AS users_email, users.phone_number AS users_phone_number, users.hashed_password AS users_hashed_password, users.role AS users_role, users.is_active AS users_is_active, users.created_at AS users_created_at 
E       FROM users 
E       WHERE users.username ILIKE %(username_1)s 
E        LIMIT %(param_1)s]
E       [parameters: {'username_1': 'pytestuser', 'param_1': 1}]
E       (Background on this error at: https://sqlalche.me/e/20/f405)

.venv\Lib\site-packages\sqlalchemy\engine\default.py:952: ProgrammingError
------------------------------ Captured log call ------------------------------
INFO     sqlalchemy.engine.Engine:base.py:1848 select pg_catalog.version()
INFO     sqlalchemy.engine.Engine:base.py:1848 [raw sql] {}
INFO     sqlalchemy.engine.Engine:base.py:1848 select current_schema()
INFO     sqlalchemy.engine.Engine:base.py:1848 [raw sql] {}
INFO     sqlalchemy.engine.Engine:base.py:1848 show standard_conforming_strings
INFO     sqlalchemy.engine.Engine:base.py:1848 [raw sql] {}
INFO     sqlalchemy.engine.Engine:base.py:2712 BEGIN (implicit)
INFO     sqlalchemy.engine.Engine:base.py:1848 SELECT users.id AS users_id, users.username AS users_username, users.email AS users_email, users.phone_number AS users_phone_number, users.hashed_password AS users_hashed_password, users.role AS users_role, users.is_active AS users_is_active, users.created_at AS users_created_at 
FROM users 
WHERE users.username ILIKE %(username_1)s 
 LIMIT %(param_1)s
INFO     sqlalchemy.engine.Engine:base.py:1848 [generated in 0.00039s] {'username_1': 'pytestuser', 'param_1': 1}
INFO     sqlalchemy.engine.Engine:base.py:2715 ROLLBACK
============================== warnings summary ===============================
.venv\Lib\site-packages\fastapi\testclient.py:1
  C:\Users\Lokeswara Reddy.M\Desktop\fastapi-auth-rbac\.venv\Lib\site-packages\fastapi\testclient.py:1: StarletteDeprecationWarning: Using `httpx` with `starlette.testclient` is deprecated; install `httpx2` instead.
    from starlette.testclient import TestClient as TestClient  # noqa

app\core\config.py:4
  C:\Users\Lokeswara Reddy.M\Desktop\fastapi-auth-rbac\app\core\config.py:4: PydanticDeprecatedSince20: Support for class-based `config` is deprecated, use ConfigDict instead. Deprecated in Pydantic V2.0 to be removed in V3.0. See Pydantic V2 Migration Guide at https://errors.pydantic.dev/2.13/migration/
    class Settings(BaseSettings):

app\main.py:10
  C:\Users\Lokeswara Reddy.M\Desktop\fastapi-auth-rbac\app\main.py:10: DeprecationWarning: 
          on_event is deprecated, use lifespan event handlers instead.
  
          Read more about it in the
          [FastAPI docs for Lifespan Events](https://fastapi.tiangolo.com/advanced/events/).
          
    @app.on_event("startup")

.venv\Lib\site-packages\fastapi\applications.py:4598
  C:\Users\Lokeswara Reddy.M\Desktop\fastapi-auth-rbac\.venv\Lib\site-packages\fastapi\applications.py:4598: DeprecationWarning: 
          on_event is deprecated, use lifespan event handlers instead.
  
          Read more about it in the
          [FastAPI docs for Lifespan Events](https://fastapi.tiangolo.com/advanced/events/).
          
    return self.router.on_event(event_type)  # ty: ignore[deprecated]

-- Docs: https://docs.pytest.org/en/stable/how-to/capture-warnings.html
=========================== short test summary info ===========================
FAILED tests/test_auth.py::test_register - sqlalchemy.exc.ProgrammingError: (...
======================== 1 failed, 4 warnings in 1.17s ========================
